// Jest Snapshot v1, https://goo.gl/fbAQLP

exports[`build 1`] = `
"
const routes = {
  \\"/chats/:season/:episode/:slug\\": [
    \\"season\\",
    \\"episode\\",
    \\"slug\\"
  ],
  \\"/chats/:season/:episode\\": [
    \\"season\\",
    \\"episode\\"
  ],
  \\"/people/:personId\\": [
    \\"personId\\"
  ],
  \\"/people/:personId/:planId/remove-plan\\": [
    \\"personId\\",
    \\"planId\\"
  ],
  \\"/s/:query\\": [
    \\"query\\"
  ],
  \\"/admin/episodes/:id\\": [
    \\"id\\"
  ],
  \\"/admin/episodes/:id/comments\\": [
    \\"id\\"
  ],
  \\"/jokes/:jokeId\\": [
    \\"jokeId\\"
  ]
};

module.exports = { routes }
"
`;

exports[`build 2`] = `"{\\"name\\":\\".remix-routes\\",\\"main\\":\\"index.js\\"}"`;

exports[`build 3`] = `
"export declare function $path(
  route: \\"/\\",
  query?: Record<string, string | number>
): string;
export declare function $path(
  route: \\"/chats/:season/:episode/:slug\\",
  params: { season: string | number; episode: string | number; slug: string | number },
  query?: Record<string, string | number>
): string;
export declare function $path(
  route: \\"/chats/:season/:episode\\",
  params: { season: string | number; episode: string | number },
  query?: Record<string, string | number>
): string;
export declare function $path(
  route: \\"/people/:personId\\",
  params: { personId: string | number },
  query?: Record<string, string | number>
): string;
export declare function $path(
  route: \\"/people/:personId/:planId/remove-plan\\",
  params: { personId: string | number; planId: string | number },
  query?: Record<string, string | number>
): string;
export declare function $path(
  route: \\"/blog/rss.xml\\",
  query?: Record<string, string | number>
): string;
export declare function $path(
  route: \\"/auth\\",
  query?: Record<string, string | number>
): string;
export declare function $path(
  route: \\"/auth/login\\",
  query?: Record<string, string | number>
): string;
export declare function $path(
  route: \\"/s/:query\\",
  params: { query: string | number },
  query?: Record<string, string | number>
): string;
export declare function $path(
  route: \\"/credits\\",
  query?: Record<string, string | number>
): string;
export declare function $path(
  route: \\"/admin\\",
  query?: Record<string, string | number>
): string;
export declare function $path(
  route: \\"/admin/episodes\\",
  query?: Record<string, string | number>
): string;
export declare function $path(
  route: \\"/admin/episodes/:id\\",
  params: { id: string | number },
  query?: Record<string, string | number>
): string;
export declare function $path(
  route: \\"/admin/episodes/:id/comments\\",
  params: { id: string | number },
  query?: Record<string, string | number>
): string;
export declare function $path(
  route: \\"/admin/episodes/new\\",
  query?: Record<string, string | number>
): string;
export declare function $path(
  route: \\"/jokes\\",
  query?: Record<string, string | number>
): string;
export declare function $path(
  route: \\"/jokes/:jokeId\\",
  params: { jokeId: string | number },
  query?: Record<string, string | number>
): string;

export declare function $params(
  route: \\"/chats/:season/:episode/:slug\\",
  params: { readonly [key: string]: string | undefined }
): {
  season: string,
  episode: string,
  slug: string
};
export declare function $params(
  route: \\"/chats/:season/:episode\\",
  params: { readonly [key: string]: string | undefined }
): {
  season: string,
  episode: string
};
export declare function $params(
  route: \\"/people/:personId\\",
  params: { readonly [key: string]: string | undefined }
): {
  personId: string
};
export declare function $params(
  route: \\"/people/:personId/:planId/remove-plan\\",
  params: { readonly [key: string]: string | undefined }
): {
  personId: string,
  planId: string
};
export declare function $params(
  route: \\"/s/:query\\",
  params: { readonly [key: string]: string | undefined }
): {
  query: string
};
export declare function $params(
  route: \\"/admin/episodes/:id\\",
  params: { readonly [key: string]: string | undefined }
): {
  id: string
};
export declare function $params(
  route: \\"/admin/episodes/:id/comments\\",
  params: { readonly [key: string]: string | undefined }
): {
  id: string
};
export declare function $params(
  route: \\"/jokes/:jokeId\\",
  params: { readonly [key: string]: string | undefined }
): {
  jokeId: string
};

"
`;
